[15-May-2026 02:46:11 UTC] PHP Deprecated:  html_entity_decode(): Passing null to parameter #1 ($string) of type string is deprecated in /var/www/html/wp-includes/widgets.php on line 1652
[15-May-2026 03:27:27 UTC] PHP Deprecated:  htmlspecialchars(): Passing null to parameter #1 ($string) of type string is deprecated in /var/www/html/wp-includes/formatting.php on line 4740
[15-May-2026 03:27:49 UTC] PHP Deprecated:  htmlspecialchars(): Passing null to parameter #1 ($string) of type string is deprecated in /var/www/html/wp-includes/formatting.php on line 4740
[15-May-2026 03:28:59 UTC] PHP Deprecated:  htmlspecialchars(): Passing null to parameter #1 ($string) of type string is deprecated in /var/www/html/wp-includes/formatting.php on line 4740
[15-May-2026 03:32:01 UTC] PHP Deprecated:  htmlspecialchars(): Passing null to parameter #1 ($string) of type string is deprecated in /var/www/html/wp-includes/formatting.php on line 4740
[15-May-2026 03:54:00 UTC] PHP Deprecated:  htmlspecialchars(): Passing null to parameter #1 ($string) of type string is deprecated in /var/www/html/wp-includes/formatting.php on line 4740
[15-May-2026 03:57:42 UTC] PHP Notice:  Function _load_textdomain_just_in_time was called <strong>incorrectly</strong>. Translation loading for the <code>pods</code> domain was triggered too early. This is usually an indicator for some code in the plugin or theme running too early. Translations should be loaded at the <code>init</code> action or later. Please see <a href="https://developer.wordpress.org/advanced-administration/debug/debug-wordpress/">Debugging in WordPress</a> for more information. (This message was added in version 6.7.0.) in /var/www/html/wp-includes/functions.php on line 6131
[15-May-2026 03:57:49 UTC] PHP Notice:  Function _load_textdomain_just_in_time was called <strong>incorrectly</strong>. Translation loading for the <code>pods</code> domain was triggered too early. This is usually an indicator for some code in the plugin or theme running too early. Translations should be loaded at the <code>init</code> action or later. Please see <a href="https://developer.wordpress.org/advanced-administration/debug/debug-wordpress/">Debugging in WordPress</a> for more information. (This message was added in version 6.7.0.) in /var/www/html/wp-includes/functions.php on line 6131
[15-May-2026 03:57:49 UTC] PHP Notice:  Function _load_textdomain_just_in_time was called <strong>incorrectly</strong>. Translation loading for the <code>pods</code> domain was triggered too early. This is usually an indicator for some code in the plugin or theme running too early. Translations should be loaded at the <code>init</code> action or later. Please see <a href="https://developer.wordpress.org/advanced-administration/debug/debug-wordpress/">Debugging in WordPress</a> for more information. (This message was added in version 6.7.0.) in /var/www/html/wp-includes/functions.php on line 6131
[15-May-2026 03:57:50 UTC] PHP Notice:  Function _load_textdomain_just_in_time was called <strong>incorrectly</strong>. Translation loading for the <code>pods</code> domain was triggered too early. This is usually an indicator for some code in the plugin or theme running too early. Translations should be loaded at the <code>init</code> action or later. Please see <a href="https://developer.wordpress.org/advanced-administration/debug/debug-wordpress/">Debugging in WordPress</a> for more information. (This message was added in version 6.7.0.) in /var/www/html/wp-includes/functions.php on line 6131
[15-May-2026 03:57:50 UTC] PHP Notice:  Function _load_textdomain_just_in_time was called <strong>incorrectly</strong>. Translation loading for the <code>pods</code> domain was triggered too early. This is usually an indicator for some code in the plugin or theme running too early. Translations should be loaded at the <code>init</code> action or later. Please see <a href="https://developer.wordpress.org/advanced-administration/debug/debug-wordpress/">Debugging in WordPress</a> for more information. (This message was added in version 6.7.0.) in /var/www/html/wp-includes/functions.php on line 6131
[15-May-2026 04:00:23 UTC] PHP Notice:  Function _load_textdomain_just_in_time was called <strong>incorrectly</strong>. Translation loading for the <code>pods</code> domain was triggered too early. This is usually an indicator for some code in the plugin or theme running too early. Translations should be loaded at the <code>init</code> action or later. Please see <a href="https://developer.wordpress.org/advanced-administration/debug/debug-wordpress/">Debugging in WordPress</a> for more information. (This message was added in version 6.7.0.) in /var/www/html/wp-includes/functions.php on line 6131
[15-May-2026 04:00:28 UTC] PHP Notice:  Function _load_textdomain_just_in_time was called <strong>incorrectly</strong>. Translation loading for the <code>pods</code> domain was triggered too early. This is usually an indicator for some code in the plugin or theme running too early. Translations should be loaded at the <code>init</code> action or later. Please see <a href="https://developer.wordpress.org/advanced-administration/debug/debug-wordpress/">Debugging in WordPress</a> for more information. (This message was added in version 6.7.0.) in /var/www/html/wp-includes/functions.php on line 6131
[15-May-2026 04:00:29 UTC] PHP Notice:  Function _load_textdomain_just_in_time was called <strong>incorrectly</strong>. Translation loading for the <code>pods</code> domain was triggered too early. This is usually an indicator for some code in the plugin or theme running too early. Translations should be loaded at the <code>init</code> action or later. Please see <a href="https://developer.wordpress.org/advanced-administration/debug/debug-wordpress/">Debugging in WordPress</a> for more information. (This message was added in version 6.7.0.) in /var/www/html/wp-includes/functions.php on line 6131
[15-May-2026 04:01:05 UTC] PHP Parse error:  syntax error, unexpected token "<", expecting end of file in /var/www/html/wp-content/themes/vorleitner-theme/page-abschleppen.php on line 7
[15-May-2026 04:01:08 UTC] PHP Parse error:  syntax error, unexpected token "<", expecting end of file in /var/www/html/wp-content/themes/vorleitner-theme/page-abschleppen.php on line 7
[15-May-2026 04:01:23 UTC] PHP Notice:  Function _load_textdomain_just_in_time was called <strong>incorrectly</strong>. Translation loading for the <code>pods</code> domain was triggered too early. This is usually an indicator for some code in the plugin or theme running too early. Translations should be loaded at the <code>init</code> action or later. Please see <a href="https://developer.wordpress.org/advanced-administration/debug/debug-wordpress/">Debugging in WordPress</a> for more information. (This message was added in version 6.7.0.) in /var/www/html/wp-includes/functions.php on line 6131
[15-May-2026 04:10:48 UTC] PHP Fatal error:  Uncaught Error: Class "WerkstattValidationRules" not found in /var/www/html/wp-content/themes/vorleitner-theme/forms/form-handling/FormDataValidator.php:13
Stack trace:
#0 /var/www/html/wp-content/themes/vorleitner-theme/forms/rest-api/WerkstattRestEndpoint.php(25): FormDataValidator->validateWerkstatt(Array)
#1 /var/www/html/wp-includes/rest-api/class-wp-rest-server.php(1292): WerkstattRestEndpoint->handleRequest(Object(WP_REST_Request))
#2 /var/www/html/wp-includes/rest-api/class-wp-rest-server.php(1125): WP_REST_Server->respond_to_request(Object(WP_REST_Request), '/df/v1/werkstat...', Array, NULL)
#3 /var/www/html/wp-includes/rest-api/class-wp-rest-server.php(439): WP_REST_Server->dispatch(Object(WP_REST_Request))
#4 /var/www/html/wp-includes/rest-api.php(467): WP_REST_Server->serve_request('/df/v1/werkstat...')
#5 /var/www/html/wp-includes/class-wp-hook.php(341): rest_api_loaded(Object(WP))
#6 /var/www/html/wp-includes/class-wp-hook.php(365): WP_Hook->apply_filters('', Array)
#7 /var/www/html/wp-includes/plugin.php(570): WP_Hook->do_action(Array)
#8 /var/www/html/wp-includes/class-wp.php(418): do_action_ref_array('parse_request', Array)
#9 /var/www/html/wp-includes/class-wp.php(821): WP->parse_request('')
#10 /var/www/html/wp-includes/functions.php(1343): WP->main('')
#11 /var/www/html/wp-blog-header.php(16): wp()
#12 /var/www/html/index.php(17): require('/var/www/html/w...')
#13 {main}
  thrown in /var/www/html/wp-content/themes/vorleitner-theme/forms/form-handling/FormDataValidator.php on line 13
[15-May-2026 04:15:39 UTC] PHP Deprecated:  htmlspecialchars(): Passing null to parameter #1 ($string) of type string is deprecated in /var/www/html/wp-includes/formatting.php on line 4740
[15-May-2026 04:27:30 UTC] PHP Warning:  Array to string conversion in /var/www/html/wp-content/themes/vorleitner-theme/forms/form-handling/FormDataSanitizer.php on line 50
[15-May-2026 04:27:30 UTC] PHP Warning:  Undefined array key "d.m.Y H:i" in /var/www/html/wp-content/plugins/pods/classes/fields/datetime.php on line 555
[15-May-2026 04:27:30 UTC] PHP Deprecated:  str_replace(): Passing null to parameter #3 ($subject) of type array|string is deprecated in /var/www/html/wp-content/plugins/pods/classes/fields/number.php on line 313
[15-May-2026 04:27:30 UTC] PHP Deprecated:  str_replace(): Passing null to parameter #3 ($subject) of type array|string is deprecated in /var/www/html/wp-content/plugins/pods/classes/fields/number.php on line 350
[15-May-2026 04:27:30 UTC] PHP Deprecated:  str_replace(): Passing null to parameter #3 ($subject) of type array|string is deprecated in /var/www/html/wp-content/plugins/pods/classes/fields/number.php on line 313
[15-May-2026 04:27:30 UTC] PHP Deprecated:  str_replace(): Passing null to parameter #3 ($subject) of type array|string is deprecated in /var/www/html/wp-content/plugins/pods/classes/fields/number.php on line 350
[15-May-2026 04:27:30 UTC] PHP Deprecated:  str_replace(): Passing null to parameter #3 ($subject) of type array|string is deprecated in /var/www/html/wp-content/plugins/pods/classes/fields/number.php on line 313
[15-May-2026 04:27:30 UTC] PHP Deprecated:  str_replace(): Passing null to parameter #3 ($subject) of type array|string is deprecated in /var/www/html/wp-content/plugins/pods/classes/fields/number.php on line 350
[15-May-2026 04:27:30 UTC] PHP Deprecated:  str_replace(): Passing null to parameter #3 ($subject) of type array|string is deprecated in /var/www/html/wp-content/plugins/pods/classes/fields/number.php on line 313
[15-May-2026 04:27:30 UTC] PHP Deprecated:  str_replace(): Passing null to parameter #3 ($subject) of type array|string is deprecated in /var/www/html/wp-content/plugins/pods/classes/fields/number.php on line 350
[15-May-2026 04:27:30 UTC] PHP Deprecated:  str_replace(): Passing null to parameter #3 ($subject) of type array|string is deprecated in /var/www/html/wp-content/plugins/pods/classes/fields/number.php on line 313
[15-May-2026 04:27:30 UTC] PHP Deprecated:  str_replace(): Passing null to parameter #3 ($subject) of type array|string is deprecated in /var/www/html/wp-content/plugins/pods/classes/fields/number.php on line 350
[15-May-2026 04:27:30 UTC] PHP Deprecated:  str_replace(): Passing null to parameter #3 ($subject) of type array|string is deprecated in /var/www/html/wp-content/plugins/pods/classes/fields/number.php on line 313
[15-May-2026 04:27:30 UTC] PHP Deprecated:  str_replace(): Passing null to parameter #3 ($subject) of type array|string is deprecated in /var/www/html/wp-content/plugins/pods/classes/fields/number.php on line 350
[15-May-2026 04:36:30 UTC] PHP Warning:  Array to string conversion in /var/www/html/wp-content/themes/vorleitner-theme/forms/form-handling/FormDataSanitizer.php on line 50
[15-May-2026 04:36:30 UTC] PHP Warning:  Undefined array key "d.m.Y H:i" in /var/www/html/wp-content/plugins/pods/classes/fields/datetime.php on line 555
[15-May-2026 04:36:30 UTC] PHP Deprecated:  str_replace(): Passing null to parameter #3 ($subject) of type array|string is deprecated in /var/www/html/wp-content/plugins/pods/classes/fields/number.php on line 313
[15-May-2026 04:36:30 UTC] PHP Deprecated:  str_replace(): Passing null to parameter #3 ($subject) of type array|string is deprecated in /var/www/html/wp-content/plugins/pods/classes/fields/number.php on line 350
[15-May-2026 04:36:30 UTC] PHP Deprecated:  str_replace(): Passing null to parameter #3 ($subject) of type array|string is deprecated in /var/www/html/wp-content/plugins/pods/classes/fields/number.php on line 313
[15-May-2026 04:36:30 UTC] PHP Deprecated:  str_replace(): Passing null to parameter #3 ($subject) of type array|string is deprecated in /var/www/html/wp-content/plugins/pods/classes/fields/number.php on line 350
[15-May-2026 04:40:51 UTC] PHP Warning:  Array to string conversion in /var/www/html/wp-content/themes/vorleitner-theme/forms/form-handling/FormDataSanitizer.php on line 50
[15-May-2026 04:40:51 UTC] PHP Warning:  Undefined array key "d.m.Y H:i" in /var/www/html/wp-content/plugins/pods/classes/fields/datetime.php on line 555
[15-May-2026 04:40:51 UTC] PHP Deprecated:  str_replace(): Passing null to parameter #3 ($subject) of type array|string is deprecated in /var/www/html/wp-content/plugins/pods/classes/fields/number.php on line 313
[15-May-2026 04:40:51 UTC] PHP Deprecated:  str_replace(): Passing null to parameter #3 ($subject) of type array|string is deprecated in /var/www/html/wp-content/plugins/pods/classes/fields/number.php on line 350
[15-May-2026 04:40:51 UTC] PHP Deprecated:  str_replace(): Passing null to parameter #3 ($subject) of type array|string is deprecated in /var/www/html/wp-content/plugins/pods/classes/fields/number.php on line 313
[15-May-2026 04:40:51 UTC] PHP Deprecated:  str_replace(): Passing null to parameter #3 ($subject) of type array|string is deprecated in /var/www/html/wp-content/plugins/pods/classes/fields/number.php on line 350
[15-May-2026 04:41:37 UTC] PHP Warning:  Array to string conversion in /var/www/html/wp-content/themes/vorleitner-theme/forms/form-handling/FormDataSanitizer.php on line 50
[15-May-2026 04:41:37 UTC] PHP Warning:  Undefined array key "d.m.Y H:i" in /var/www/html/wp-content/plugins/pods/classes/fields/datetime.php on line 555
[15-May-2026 04:41:37 UTC] PHP Deprecated:  str_replace(): Passing null to parameter #3 ($subject) of type array|string is deprecated in /var/www/html/wp-content/plugins/pods/classes/fields/number.php on line 313
[15-May-2026 04:41:37 UTC] PHP Deprecated:  str_replace(): Passing null to parameter #3 ($subject) of type array|string is deprecated in /var/www/html/wp-content/plugins/pods/classes/fields/number.php on line 350
[15-May-2026 04:41:37 UTC] PHP Deprecated:  str_replace(): Passing null to parameter #3 ($subject) of type array|string is deprecated in /var/www/html/wp-content/plugins/pods/classes/fields/number.php on line 313
[15-May-2026 04:41:37 UTC] PHP Deprecated:  str_replace(): Passing null to parameter #3 ($subject) of type array|string is deprecated in /var/www/html/wp-content/plugins/pods/classes/fields/number.php on line 350
[15-May-2026 04:49:55 UTC] PHP Warning:  Array to string conversion in /var/www/html/wp-content/themes/vorleitner-theme/forms/form-handling/FormDataSanitizer.php on line 50
[15-May-2026 04:49:55 UTC] PHP Warning:  Undefined array key "d.m.Y H:i" in /var/www/html/wp-content/plugins/pods/classes/fields/datetime.php on line 555
[15-May-2026 04:49:55 UTC] PHP Deprecated:  str_replace(): Passing null to parameter #3 ($subject) of type array|string is deprecated in /var/www/html/wp-content/plugins/pods/classes/fields/number.php on line 313
[15-May-2026 04:49:55 UTC] PHP Deprecated:  str_replace(): Passing null to parameter #3 ($subject) of type array|string is deprecated in /var/www/html/wp-content/plugins/pods/classes/fields/number.php on line 350
[15-May-2026 04:49:55 UTC] PHP Deprecated:  str_replace(): Passing null to parameter #3 ($subject) of type array|string is deprecated in /var/www/html/wp-content/plugins/pods/classes/fields/number.php on line 313
[15-May-2026 04:49:55 UTC] PHP Deprecated:  str_replace(): Passing null to parameter #3 ($subject) of type array|string is deprecated in /var/www/html/wp-content/plugins/pods/classes/fields/number.php on line 350
[15-May-2026 05:11:39 UTC] PHP Warning:  Array to string conversion in /var/www/html/wp-content/themes/vorleitner-theme/forms/form-handling/FormDataSanitizer.php on line 50
[15-May-2026 05:11:39 UTC] PHP Warning:  Undefined array key "d.m.Y H:i" in /var/www/html/wp-content/plugins/pods/classes/fields/datetime.php on line 555
[15-May-2026 05:11:39 UTC] PHP Deprecated:  str_replace(): Passing null to parameter #3 ($subject) of type array|string is deprecated in /var/www/html/wp-content/plugins/pods/classes/fields/number.php on line 313
[15-May-2026 05:11:39 UTC] PHP Deprecated:  str_replace(): Passing null to parameter #3 ($subject) of type array|string is deprecated in /var/www/html/wp-content/plugins/pods/classes/fields/number.php on line 350
[15-May-2026 05:13:20 UTC] PHP Notice:  Die Funktion _load_textdomain_just_in_time wurde <strong>fehlerhaft</strong> aufgerufen. Das Laden der Übersetzung für die Domain <code>pods</code> wurde zu früh ausgelöst. Das ist normalerweise ein Hinweis auf Code im Plugin oder Theme, der zu früh läuft. Übersetzungen sollten mit der Aktion <code>init</code> oder später geladen werden. Weitere Informationen: <a href="https://developer.wordpress.org/advanced-administration/debug/debug-wordpress/">Debugging in WordPress (engl.)</a>. (Diese Meldung wurde in Version 6.7.0 hinzugefügt.) in /var/www/html/wp-includes/functions.php on line 6131
[15-May-2026 05:29:37 UTC] PHP Fatal error:  Uncaught Error: Class "AdminSettingsPage" not found in /var/www/html/wp-content/themes/vorleitner-theme/forms/bootstrap.php:55
Stack trace:
#0 /var/www/html/wp-includes/class-wp-hook.php(341): {closure}('')
#1 /var/www/html/wp-includes/class-wp-hook.php(365): WP_Hook->apply_filters(NULL, Array)
#2 /var/www/html/wp-includes/plugin.php(522): WP_Hook->do_action(Array)
#3 /var/www/html/wp-admin/includes/menu.php(161): do_action('admin_menu', '')
#4 /var/www/html/wp-admin/menu.php(437): require_once('/var/www/html/w...')
#5 /var/www/html/wp-admin/admin.php(163): require('/var/www/html/w...')
#6 /var/www/html/wp-admin/options.php(19): require_once('/var/www/html/w...')
#7 {main}
  thrown in /var/www/html/wp-content/themes/vorleitner-theme/forms/bootstrap.php on line 55
[15-May-2026 05:29:37 UTC] PHP Warning:  Trying to access array offset on value of type bool in /var/www/html/wp-includes/class-wp-recovery-mode-email-service.php on line 367
[15-May-2026 05:29:37 UTC] PHP Warning:  Trying to access array offset on value of type bool in /var/www/html/wp-includes/class-wp-recovery-mode-email-service.php on line 368
[15-May-2026 05:29:39 UTC] PHP Fatal error:  Uncaught Error: Class "AdminSettingsPage" not found in /var/www/html/wp-content/themes/vorleitner-theme/forms/bootstrap.php:55
Stack trace:
#0 /var/www/html/wp-includes/class-wp-hook.php(341): {closure}('')
#1 /var/www/html/wp-includes/class-wp-hook.php(365): WP_Hook->apply_filters(NULL, Array)
#2 /var/www/html/wp-includes/plugin.php(522): WP_Hook->do_action(Array)
#3 /var/www/html/wp-admin/includes/menu.php(161): do_action('admin_menu', '')
#4 /var/www/html/wp-admin/menu.php(437): require_once('/var/www/html/w...')
#5 /var/www/html/wp-admin/admin.php(163): require('/var/www/html/w...')
#6 /var/www/html/wp-admin/options-general.php(10): require_once('/var/www/html/w...')
#7 {main}
  thrown in /var/www/html/wp-content/themes/vorleitner-theme/forms/bootstrap.php on line 55
[15-May-2026 05:30:18 UTC] PHP Deprecated:  htmlspecialchars(): Passing null to parameter #1 ($string) of type string is deprecated in /var/www/html/wp-includes/formatting.php on line 4740
[15-May-2026 05:50:54 UTC] PHP Warning:  Array to string conversion in /var/www/html/wp-content/themes/vorleitner-theme/forms/form-handling/FormDataSanitizer.php on line 50
[15-May-2026 05:50:54 UTC] PHP Warning:  Undefined array key "d.m.Y H:i" in /var/www/html/wp-content/plugins/pods/classes/fields/datetime.php on line 555
[15-May-2026 05:50:54 UTC] PHP Deprecated:  str_replace(): Passing null to parameter #3 ($subject) of type array|string is deprecated in /var/www/html/wp-content/plugins/pods/classes/fields/number.php on line 313
[15-May-2026 05:50:54 UTC] PHP Deprecated:  str_replace(): Passing null to parameter #3 ($subject) of type array|string is deprecated in /var/www/html/wp-content/plugins/pods/classes/fields/number.php on line 350
[15-May-2026 05:50:54 UTC] PHP Deprecated:  str_replace(): Passing null to parameter #3 ($subject) of type array|string is deprecated in /var/www/html/wp-content/plugins/pods/classes/fields/number.php on line 313
[15-May-2026 05:50:54 UTC] PHP Deprecated:  str_replace(): Passing null to parameter #3 ($subject) of type array|string is deprecated in /var/www/html/wp-content/plugins/pods/classes/fields/number.php on line 350
[15-May-2026 06:26:56 UTC] PHP Warning:  Array to string conversion in /var/www/html/wp-content/themes/vorleitner-theme/forms/form-handling/FormDataSanitizer.php on line 50
[15-May-2026 06:26:56 UTC] PHP Warning:  Undefined array key "d.m.Y H:i" in /var/www/html/wp-content/plugins/pods/classes/fields/datetime.php on line 555
[15-May-2026 06:54:08 UTC] PHP Warning:  Array to string conversion in /var/www/html/wp-content/themes/vorleitner-theme/forms/form-handling/FormDataSanitizer.php on line 50
[15-May-2026 06:54:08 UTC] PHP Warning:  Undefined array key "d.m.Y H:i" in /var/www/html/wp-content/plugins/pods/classes/fields/datetime.php on line 555
[15-May-2026 06:54:08 UTC] PHP Deprecated:  str_replace(): Passing null to parameter #3 ($subject) of type array|string is deprecated in /var/www/html/wp-content/plugins/pods/classes/fields/number.php on line 313
[15-May-2026 06:54:08 UTC] PHP Deprecated:  str_replace(): Passing null to parameter #3 ($subject) of type array|string is deprecated in /var/www/html/wp-content/plugins/pods/classes/fields/number.php on line 350
[15-May-2026 07:01:31 UTC] PHP Warning:  Array to string conversion in /var/www/html/wp-content/themes/vorleitner-theme/forms/form-handling/FormDataSanitizer.php on line 50
[15-May-2026 07:01:31 UTC] PHP Warning:  Undefined array key "d.m.Y H:i" in /var/www/html/wp-content/plugins/pods/classes/fields/datetime.php on line 555
[15-May-2026 07:01:31 UTC] PHP Deprecated:  str_replace(): Passing null to parameter #3 ($subject) of type array|string is deprecated in /var/www/html/wp-content/plugins/pods/classes/fields/number.php on line 313
[15-May-2026 07:01:31 UTC] PHP Deprecated:  str_replace(): Passing null to parameter #3 ($subject) of type array|string is deprecated in /var/www/html/wp-content/plugins/pods/classes/fields/number.php on line 350
[15-May-2026 07:06:49 UTC] PHP Warning:  Array to string conversion in /var/www/html/wp-content/themes/vorleitner-theme/forms/form-handling/FormDataSanitizer.php on line 50
[15-May-2026 07:06:49 UTC] PHP Warning:  Undefined array key "d.m.Y H:i" in /var/www/html/wp-content/plugins/pods/classes/fields/datetime.php on line 555
[15-May-2026 07:06:49 UTC] PHP Deprecated:  str_replace(): Passing null to parameter #3 ($subject) of type array|string is deprecated in /var/www/html/wp-content/plugins/pods/classes/fields/number.php on line 313
[15-May-2026 07:06:49 UTC] PHP Deprecated:  str_replace(): Passing null to parameter #3 ($subject) of type array|string is deprecated in /var/www/html/wp-content/plugins/pods/classes/fields/number.php on line 350
[15-May-2026 07:06:49 UTC] PHP Deprecated:  str_replace(): Passing null to parameter #3 ($subject) of type array|string is deprecated in /var/www/html/wp-content/plugins/pods/classes/fields/number.php on line 313
[15-May-2026 07:06:49 UTC] PHP Deprecated:  str_replace(): Passing null to parameter #3 ($subject) of type array|string is deprecated in /var/www/html/wp-content/plugins/pods/classes/fields/number.php on line 350
[15-May-2026 07:17:26 UTC] PHP Warning:  Array to string conversion in /var/www/html/wp-content/themes/vorleitner-theme/forms/form-handling/FormDataSanitizer.php on line 50
[15-May-2026 07:17:26 UTC] PHP Warning:  Undefined array key "d.m.Y H:i" in /var/www/html/wp-content/plugins/pods/classes/fields/datetime.php on line 555
[15-May-2026 07:17:26 UTC] PHP Deprecated:  str_replace(): Passing null to parameter #3 ($subject) of type array|string is deprecated in /var/www/html/wp-content/plugins/pods/classes/fields/number.php on line 313
[15-May-2026 07:17:26 UTC] PHP Deprecated:  str_replace(): Passing null to parameter #3 ($subject) of type array|string is deprecated in /var/www/html/wp-content/plugins/pods/classes/fields/number.php on line 350
[15-May-2026 07:17:26 UTC] PHP Deprecated:  str_replace(): Passing null to parameter #3 ($subject) of type array|string is deprecated in /var/www/html/wp-content/plugins/pods/classes/fields/number.php on line 313
[15-May-2026 07:17:26 UTC] PHP Deprecated:  str_replace(): Passing null to parameter #3 ($subject) of type array|string is deprecated in /var/www/html/wp-content/plugins/pods/classes/fields/number.php on line 350
[15-May-2026 07:18:11 UTC] PHP Warning:  Array to string conversion in /var/www/html/wp-content/themes/vorleitner-theme/forms/form-handling/FormDataSanitizer.php on line 50
[15-May-2026 07:18:11 UTC] PHP Warning:  Undefined array key "d.m.Y H:i" in /var/www/html/wp-content/plugins/pods/classes/fields/datetime.php on line 555
[15-May-2026 07:18:11 UTC] PHP Deprecated:  str_replace(): Passing null to parameter #3 ($subject) of type array|string is deprecated in /var/www/html/wp-content/plugins/pods/classes/fields/number.php on line 313
[15-May-2026 07:18:11 UTC] PHP Deprecated:  str_replace(): Passing null to parameter #3 ($subject) of type array|string is deprecated in /var/www/html/wp-content/plugins/pods/classes/fields/number.php on line 350
[15-May-2026 07:29:55 UTC] PHP Warning:  Array to string conversion in /var/www/html/wp-content/themes/vorleitner-theme/forms/form-handling/FormDataSanitizer.php on line 50
[15-May-2026 07:29:55 UTC] PHP Warning:  Undefined array key "d.m.Y H:i" in /var/www/html/wp-content/plugins/pods/classes/fields/datetime.php on line 555
[15-May-2026 07:29:55 UTC] PHP Deprecated:  str_replace(): Passing null to parameter #3 ($subject) of type array|string is deprecated in /var/www/html/wp-content/plugins/pods/classes/fields/number.php on line 313
[15-May-2026 07:29:55 UTC] PHP Deprecated:  str_replace(): Passing null to parameter #3 ($subject) of type array|string is deprecated in /var/www/html/wp-content/plugins/pods/classes/fields/number.php on line 350
[15-May-2026 07:40:08 UTC] PHP Warning:  Array to string conversion in /var/www/html/wp-content/themes/vorleitner-theme/forms/form-handling/FormDataSanitizer.php on line 52
[15-May-2026 07:40:08 UTC] PHP Warning:  Undefined array key "d.m.Y H:i" in /var/www/html/wp-content/plugins/pods/classes/fields/datetime.php on line 555
[15-May-2026 07:40:08 UTC] PHP Deprecated:  str_replace(): Passing null to parameter #3 ($subject) of type array|string is deprecated in /var/www/html/wp-content/plugins/pods/classes/fields/number.php on line 313
[15-May-2026 07:40:08 UTC] PHP Deprecated:  str_replace(): Passing null to parameter #3 ($subject) of type array|string is deprecated in /var/www/html/wp-content/plugins/pods/classes/fields/number.php on line 350
[15-May-2026 07:47:03 UTC] PHP Warning:  Array to string conversion in /var/www/html/wp-content/themes/vorleitner-theme/forms/form-handling/FormDataSanitizer.php on line 52
[15-May-2026 07:47:03 UTC] PHP Warning:  Undefined array key "d.m.Y H:i" in /var/www/html/wp-content/plugins/pods/classes/fields/datetime.php on line 555
[15-May-2026 07:47:03 UTC] PHP Deprecated:  str_replace(): Passing null to parameter #3 ($subject) of type array|string is deprecated in /var/www/html/wp-content/plugins/pods/classes/fields/number.php on line 313
[15-May-2026 07:47:03 UTC] PHP Deprecated:  str_replace(): Passing null to parameter #3 ($subject) of type array|string is deprecated in /var/www/html/wp-content/plugins/pods/classes/fields/number.php on line 350
[15-May-2026 07:47:03 UTC] PHP Deprecated:  str_replace(): Passing null to parameter #3 ($subject) of type array|string is deprecated in /var/www/html/wp-content/plugins/pods/classes/fields/number.php on line 313
[15-May-2026 07:47:03 UTC] PHP Deprecated:  str_replace(): Passing null to parameter #3 ($subject) of type array|string is deprecated in /var/www/html/wp-content/plugins/pods/classes/fields/number.php on line 350
[15-May-2026 07:48:00 UTC] PHP Warning:  Array to string conversion in /var/www/html/wp-content/themes/vorleitner-theme/forms/form-handling/FormDataSanitizer.php on line 52
[15-May-2026 07:48:00 UTC] PHP Warning:  Undefined array key "d.m.Y H:i" in /var/www/html/wp-content/plugins/pods/classes/fields/datetime.php on line 555
[15-May-2026 07:48:00 UTC] PHP Deprecated:  str_replace(): Passing null to parameter #3 ($subject) of type array|string is deprecated in /var/www/html/wp-content/plugins/pods/classes/fields/number.php on line 313
[15-May-2026 07:48:00 UTC] PHP Deprecated:  str_replace(): Passing null to parameter #3 ($subject) of type array|string is deprecated in /var/www/html/wp-content/plugins/pods/classes/fields/number.php on line 350
[15-May-2026 07:48:00 UTC] PHP Deprecated:  str_replace(): Passing null to parameter #3 ($subject) of type array|string is deprecated in /var/www/html/wp-content/plugins/pods/classes/fields/number.php on line 313
[15-May-2026 07:48:00 UTC] PHP Deprecated:  str_replace(): Passing null to parameter #3 ($subject) of type array|string is deprecated in /var/www/html/wp-content/plugins/pods/classes/fields/number.php on line 350
[15-May-2026 07:48:45 UTC] PHP Warning:  Array to string conversion in /var/www/html/wp-content/themes/vorleitner-theme/forms/form-handling/FormDataSanitizer.php on line 52
[15-May-2026 07:48:45 UTC] PHP Warning:  Undefined array key "d.m.Y H:i" in /var/www/html/wp-content/plugins/pods/classes/fields/datetime.php on line 555
[15-May-2026 07:48:45 UTC] PHP Deprecated:  str_replace(): Passing null to parameter #3 ($subject) of type array|string is deprecated in /var/www/html/wp-content/plugins/pods/classes/fields/number.php on line 313
[15-May-2026 07:48:45 UTC] PHP Deprecated:  str_replace(): Passing null to parameter #3 ($subject) of type array|string is deprecated in /var/www/html/wp-content/plugins/pods/classes/fields/number.php on line 350
[15-May-2026 07:48:45 UTC] PHP Deprecated:  str_replace(): Passing null to parameter #3 ($subject) of type array|string is deprecated in /var/www/html/wp-content/plugins/pods/classes/fields/number.php on line 313
[15-May-2026 07:48:45 UTC] PHP Deprecated:  str_replace(): Passing null to parameter #3 ($subject) of type array|string is deprecated in /var/www/html/wp-content/plugins/pods/classes/fields/number.php on line 350
[15-May-2026 08:20:47 UTC] PHP Warning:  Array to string conversion in /var/www/html/wp-content/themes/vorleitner-theme/forms/form-handling/FormDataSanitizer.php on line 52
[15-May-2026 08:20:47 UTC] PHP Warning:  Undefined array key "d.m.Y H:i" in /var/www/html/wp-content/plugins/pods/classes/fields/datetime.php on line 555
[15-May-2026 08:20:47 UTC] PHP Deprecated:  str_replace(): Passing null to parameter #3 ($subject) of type array|string is deprecated in /var/www/html/wp-content/plugins/pods/classes/fields/number.php on line 313
[15-May-2026 08:20:47 UTC] PHP Deprecated:  str_replace(): Passing null to parameter #3 ($subject) of type array|string is deprecated in /var/www/html/wp-content/plugins/pods/classes/fields/number.php on line 350
[15-May-2026 08:20:47 UTC] PHP Deprecated:  str_replace(): Passing null to parameter #3 ($subject) of type array|string is deprecated in /var/www/html/wp-content/plugins/pods/classes/fields/number.php on line 313
[15-May-2026 08:20:47 UTC] PHP Deprecated:  str_replace(): Passing null to parameter #3 ($subject) of type array|string is deprecated in /var/www/html/wp-content/plugins/pods/classes/fields/number.php on line 350
[15-May-2026 08:36:13 UTC] PHP Warning:  Array to string conversion in /var/www/html/wp-content/themes/vorleitner-theme/forms/form-handling/FormDataSanitizer.php on line 52
[15-May-2026 08:36:13 UTC] PHP Warning:  Undefined array key "d.m.Y H:i" in /var/www/html/wp-content/plugins/pods/classes/fields/datetime.php on line 555
[15-May-2026 08:36:13 UTC] PHP Deprecated:  str_replace(): Passing null to parameter #3 ($subject) of type array|string is deprecated in /var/www/html/wp-content/plugins/pods/classes/fields/number.php on line 313
[15-May-2026 08:36:13 UTC] PHP Deprecated:  str_replace(): Passing null to parameter #3 ($subject) of type array|string is deprecated in /var/www/html/wp-content/plugins/pods/classes/fields/number.php on line 350
[15-May-2026 08:36:13 UTC] PHP Deprecated:  str_replace(): Passing null to parameter #3 ($subject) of type array|string is deprecated in /var/www/html/wp-content/plugins/pods/classes/fields/number.php on line 313
[15-May-2026 08:36:13 UTC] PHP Deprecated:  str_replace(): Passing null to parameter #3 ($subject) of type array|string is deprecated in /var/www/html/wp-content/plugins/pods/classes/fields/number.php on line 350
[15-May-2026 15:49:53 UTC] PHP Warning:  Undefined array key "d.m.Y H:i" in /var/www/html/wp-content/plugins/pods/classes/fields/datetime.php on line 555
[15-May-2026 16:09:20 UTC] PHP Warning:  Undefined array key "d.m.Y H:i" in /var/www/html/wp-content/plugins/pods/classes/fields/datetime.php on line 555
[15-May-2026 16:09:20 UTC] PHP Deprecated:  str_replace(): Passing null to parameter #3 ($subject) of type array|string is deprecated in /var/www/html/wp-content/plugins/pods/classes/fields/number.php on line 313
[15-May-2026 16:09:20 UTC] PHP Deprecated:  str_replace(): Passing null to parameter #3 ($subject) of type array|string is deprecated in /var/www/html/wp-content/plugins/pods/classes/fields/number.php on line 350
[15-May-2026 16:32:43 UTC] PHP Warning:  Undefined array key "d.m.Y H:i" in /var/www/html/wp-content/plugins/pods/classes/fields/datetime.php on line 555
[15-May-2026 16:36:45 UTC] PHP Warning:  Undefined array key "d.m.Y H:i" in /var/www/html/wp-content/plugins/pods/classes/fields/datetime.php on line 555
[15-May-2026 16:36:45 UTC] PHP Deprecated:  str_replace(): Passing null to parameter #3 ($subject) of type array|string is deprecated in /var/www/html/wp-content/plugins/pods/classes/fields/number.php on line 313
[15-May-2026 16:36:45 UTC] PHP Deprecated:  str_replace(): Passing null to parameter #3 ($subject) of type array|string is deprecated in /var/www/html/wp-content/plugins/pods/classes/fields/number.php on line 350
[15-May-2026 16:36:45 UTC] PHP Deprecated:  str_replace(): Passing null to parameter #3 ($subject) of type array|string is deprecated in /var/www/html/wp-content/plugins/pods/classes/fields/number.php on line 313
[15-May-2026 16:36:45 UTC] PHP Deprecated:  str_replace(): Passing null to parameter #3 ($subject) of type array|string is deprecated in /var/www/html/wp-content/plugins/pods/classes/fields/number.php on line 350
[15-May-2026 16:36:45 UTC] PHP Deprecated:  str_replace(): Passing null to parameter #3 ($subject) of type array|string is deprecated in /var/www/html/wp-content/plugins/pods/classes/fields/number.php on line 313
[15-May-2026 16:36:45 UTC] PHP Deprecated:  str_replace(): Passing null to parameter #3 ($subject) of type array|string is deprecated in /var/www/html/wp-content/plugins/pods/classes/fields/number.php on line 350
[15-May-2026 16:40:56 UTC] PHP Warning:  Undefined array key "d.m.Y H:i" in /var/www/html/wp-content/plugins/pods/classes/fields/datetime.php on line 555
[15-May-2026 16:48:32 UTC] PHP Deprecated:  html_entity_decode(): Passing null to parameter #1 ($string) of type string is deprecated in /var/www/html/wp-includes/widgets.php on line 1652
[15-May-2026 16:56:25 UTC] PHP Warning:  Undefined array key "d.m.Y H:i" in /var/www/html/wp-content/plugins/pods/classes/fields/datetime.php on line 555
[15-May-2026 16:59:04 UTC] PHP Deprecated:  htmlspecialchars(): Passing null to parameter #1 ($string) of type string is deprecated in /var/www/html/wp-includes/formatting.php on line 4740
[15-May-2026 16:59:15 UTC] PHP Deprecated:  htmlspecialchars(): Passing null to parameter #1 ($string) of type string is deprecated in /var/www/html/wp-includes/formatting.php on line 4740
[15-May-2026 16:59:54 UTC] PHP Warning:  Undefined array key "d.m.Y H:i" in /var/www/html/wp-content/plugins/pods/classes/fields/datetime.php on line 555
[15-May-2026 17:20:42 UTC] PHP Deprecated:  str_replace(): Passing null to parameter #3 ($subject) of type array|string is deprecated in /var/www/html/wp-content/plugins/pods/classes/fields/number.php on line 313
[15-May-2026 17:20:42 UTC] PHP Deprecated:  str_replace(): Passing null to parameter #3 ($subject) of type array|string is deprecated in /var/www/html/wp-content/plugins/pods/classes/fields/number.php on line 350
[15-May-2026 17:20:42 UTC] PHP Warning:  Undefined array key "d.m.Y H:i" in /var/www/html/wp-content/plugins/pods/classes/fields/datetime.php on line 555
[15-May-2026 17:25:45 UTC] PHP Warning:  Undefined array key "d.m.Y H:i" in /var/www/html/wp-content/plugins/pods/classes/fields/datetime.php on line 555
[19-May-2026 00:40:38 UTC] PHP Warning:  Undefined array key "d.m.Y H:i" in /var/www/html/wp-content/plugins/pods/classes/fields/datetime.php on line 555
[19-May-2026 00:50:41 UTC] PHP Warning:  Undefined array key "d.m.Y H:i" in /var/www/html/wp-content/plugins/pods/classes/fields/datetime.php on line 555
[19-May-2026 01:01:02 UTC] PHP Warning:  Undefined array key "d.m.Y H:i" in /var/www/html/wp-content/plugins/pods/classes/fields/datetime.php on line 555
[19-May-2026 01:10:58 UTC] PHP Deprecated:  html_entity_decode(): Passing null to parameter #1 ($string) of type string is deprecated in /var/www/html/wp-includes/widgets.php on line 1652
[19-May-2026 02:23:05 UTC] PHP Warning:  Undefined array key "d.m.Y H:i" in /var/www/html/wp-content/plugins/pods/classes/fields/datetime.php on line 555
[19-May-2026 02:26:15 UTC] PHP Warning:  Undefined array key "d.m.Y H:i" in /var/www/html/wp-content/plugins/pods/classes/fields/datetime.php on line 555
